privateKeySecurityMode: PROMPT_MAIN_TRANSPORT
nodes:
    -
        friendlyName: testprefix-beacon-001
        host: testprefix-beacon-001.mytest.com
        voting: true
        harvesting: true
        dockerComposeDebugMode: false
        brokerDockerComposeDebugMode: false
nemesisSeedFolder: nemesis-seed
