{
  "_info": "this file contains a list of api peers",
  "knownPeers": [
    {
      "publicKey": "BE3B4F95D1D875D71DD2FACF6C5E4DA57C1A2C79DEAD9E1FC5C3B5C1DE54C022",
      "endpoint": {
        "host": "testprefix-demo-001.mytest.com",
        "port": 7900
      },
      "metadata": {
        "name": "testprefix-demo-001",
        "roles": "Api,Peer"
      }
    }
  ]
}