{
  "_info": "this file contains a list of peers",
  "knownPeers": [
    {
      "publicKey": "FD50B8E3B144EA244FBF7737F550BC8DD0C2650BBC1AADA833CA17FF8DBF329B",
      "endpoint": {
        "host": "testprefix-beacon-002.mytest.com",
        "port": 7900
      },
      "metadata": {
        "name": "testprefix-beacon-002",
        "roles": "Peer,Voting"
      }
    },
    {
      "publicKey": "BE3B4F95D1D875D71DD2FACF6C5E4DA57C1A2C79DEAD9E1FC5C3B5C1DE54C022",
      "endpoint": {
        "host": "testprefix-demo-001.mytest.com",
        "port": 7900
      },
      "metadata": {
        "name": "testprefix-demo-001",
        "roles": "Api,Peer"
      }
    }
  ]
}