           Height: 1
 Harvesting Count: 5
     Voting Count: 2
   Voting Balance: 6000000000000
*
  Generation Hash: D43808D5F3FDA9AC541CCB75F00F7077202787C4DA7867BF06AB37B1D7B4EA0C
Transactions Hash: 4E9FE39B09F12B6241B6DF1EA1D63E58A8709E4520106602463A2467BBCB8410
    Receipts Hash: FDDDDD29B4408DF2044CBA322E35BA989A9F92B81D49E3CC141E46613D226287
       State Hash: 6E427011A127AEEE13831EC9A7EF93422C47A087BADBD2C8C9A4975EE13AF234
--- Components (9) ---
 + 93DFC0E053587BA8D384EC4AEF71F2C14C91C585A720FF32A3E456762D89453E
 + AF037B19C5461AF9D214DCF21406555E7CC960E1084A674E6167C31CE5A3F84B
 + DD42D8D1905B40D7CAA4B0BE5E8ABC9292A25A62CBBBD81203D58A58DC387CA7
 + 0000000000000000000000000000000000000000000000000000000000000000
 + 0000000000000000000000000000000000000000000000000000000000000000
 + 0000000000000000000000000000000000000000000000000000000000000000
 + 0000000000000000000000000000000000000000000000000000000000000000
 + 0000000000000000000000000000000000000000000000000000000000000000
 + 0000000000000000000000000000000000000000000000000000000000000000
