privateKeySecurityMode: PROMPT_MAIN_TRANSPORT
nodes:
    -
        friendlyName: myc-dual-002
        host: myc-dual-002.mycompany.com
        voting: true
        harvesting: true
        dockerComposeDebugMode: false
        brokerDockerComposeDebugMode: false
gateways:
    -
        openPort: false
httpsProxies:
    -
        excludeDockerService: false
nemesisSeedFolder: nemesis-seed
