version: 2
networkType: 104
nemesisGenerationHashSeed: 000000000000000000000000000000000000000000000000000000000000000A
nodes:
    -
        name: node
        friendlyName: testprefix-beacon-001
        roles: Peer,Voting
        main:
            publicKey: 3B6A27BCCEB6A42D62A3A8D02A6F0D73653215771DE243A63AC048A18B59DA29
            address: NCHBDENCLKEBILBPWP3JPB2XNY64OE7PYHHE6FI
        transport:
            publicKey: 4F2A59EDC8367DEB40047CE83EE7F5CE711A57D93ABBDA9D1CE8588C56A3CE88
            address: NCDEB76EE4CCWWDKSGQAYSUUSERD5CNYD3MVGJA
        remote:
            privateKey: '0000000000000000000000000000000000000000000000000000000000000002'
            publicKey: 7422B9887598068E32C4448A949ADB290D0F4E35B9E01B0EE5F1A1E600FE2674
            address: NBBHGE77IHHOIYA46B3XSORRNR2L5MLW55T6H2Y
        vrf:
            privateKey: '0000000000000000000000000000000000000000000000000000000000000001'
            publicKey: 4CB5ABF6AD79FBF5ABBCCAFCC269D85CD2651ED4B885B5869F241AEDF0A5BA29
            address: NB6QOVCUOFRCF5QJSKPIQMLUVWGJS3KYFC6J77Y
        voting:
            -
                publicKey: F381626E41E7027EA431BFE3009E94BDD25A746BEEC468948D6C3C7C5DC9A54B
                startEpoch: 1
                endEpoch: 360
                filename: private_key_tree1.dat
