version: 1
transportPublicKey: 6A5A8FBA48445EDD3444F654F820BD71F17E6C394669339C8A0004BA4ED2C3CC
mainPublicKey: FD50B8E3B144EA244FBF7737F550BC8DD0C2650BBC1AADA833CA17FF8DBF329B
