version: 2
networkType: 104
nemesisGenerationHashSeed: 000000000000000000000000000000000000000000000000000000000000000A
nodes:
    -
        name: node
        friendlyName: testprefix-demo-001
        roles: Peer,Api
        main:
            publicKey: BE3B4F95D1D875D71DD2FACF6C5E4DA57C1A2C79DEAD9E1FC5C3B5C1DE54C022
            address: NCQTXBU7UORAEIJ2BCO54GQ3SQ5EGO4ZSHQUKBA
        transport:
            publicKey: D80DFB3C38A46CD01923037DA60CB5494D03119F2558312C781500182D036EB5
            address: NBP2M2UZX6UG7CR25ZK3MVV37F2WMPH2BQGFS2Y
        remote:
            privateKey: '0000000000000000000000000000000000000000000000000000000000000010'
            publicKey: B92AAA7C8DB21139AA7D7EC0DAA8D7E62519D6EE46A4534E07644C683A008391
            address: NCY7L6ZF5YZBVA3RZKGC34GCDCMF6SLRDILH5LA
        vrf:
            privateKey: '0000000000000000000000000000000000000000000000000000000000000009'
            publicKey: DD7E84D010AED28A416E928F50C4C09AC0F94A8F5B346548168BDDB61CDB7263
            address: NA3EH4UZ5IP3V4G3RKVXCQEC6TPFGJBLUHEOHVY
