privateKeySecurityMode: PROMPT_MAIN_TRANSPORT
nodes:
    -
        friendlyName: testprefix-demo-001
        host: testprefix-demo-001.mytest.com
        voting: false
        harvesting: true
        dockerComposeDebugMode: false
        brokerDockerComposeDebugMode: false
gateways:
    -
        openPort: false
httpsProxies:
    -
        excludeDockerService: false
faucets:
    -
        repeat: 1
        compose:
            environment:
                FAUCET_PRIVATE_KEY: 000000000000000000000000000000000000000000000000000000000000000D
                DEFAULT_NODE_CLIENT: https://testprefix-demo-001.mytest.com:3001
                EXPLORER_URL: http://testprefix-demo-001.mytest.com:90
nemesisSeedFolder: nemesis-seed
