version: 1
transportPublicKey: D80DFB3C38A46CD01923037DA60CB5494D03119F2558312C781500182D036EB5
mainPublicKey: BE3B4F95D1D875D71DD2FACF6C5E4DA57C1A2C79DEAD9E1FC5C3B5C1DE54C022
