version: 1
transportPublicKey: 4F2A59EDC8367DEB40047CE83EE7F5CE711A57D93ABBDA9D1CE8588C56A3CE88
mainPublicKey: 3B6A27BCCEB6A42D62A3A8D02A6F0D73653215771DE243A63AC048A18B59DA29
