version: 1
transportPublicKey: DD7E84D010AED28A416E928F50C4C09AC0F94A8F5B346548168BDDB61CDB7263
mainPublicKey: FD50B8E3B144EA244FBF7737F550BC8DD0C2650BBC1AADA833CA17FF8DBF329B
