{
  "_info": "this file contains a list of api peers",
  "knownPeers": []
}