version: 2
networkType: 104
nemesisGenerationHashSeed: 000000000000000000000000000000000000000000000000000000000000000A
nodes:
    -
        name: node
        friendlyName: myc-dual-002
        roles: Peer,Api,Voting
        main:
            publicKey: FD50B8E3B144EA244FBF7737F550BC8DD0C2650BBC1AADA833CA17FF8DBF329B
            address: NAP2M723AA4QZV27P373IRXMLWENSXYJ4GRVZ3Y
        transport:
            publicKey: DD7E84D010AED28A416E928F50C4C09AC0F94A8F5B346548168BDDB61CDB7263
            address: NA3EH4UZ5IP3V4G3RKVXCQEC6TPFGJBLUHEOHVY
        remote:
            privateKey: '0000000000000000000000000000000000000000000000000000000000000006'
            publicKey: B4C92AFB3BA57F3AB959FFE6D319C98484A2155A0F4C65B2C37011FFD197B075
            address: NCPXRB5QJM2CMZK5IGZ2T3BWVJJA2IGJAYCDLLA
        vrf:
            privateKey: '0000000000000000000000000000000000000000000000000000000000000005'
            publicKey: FDE4FBA030AD002F7C2F7D4C331F49D13FB0EC747ECEEBEC634F1FF4CBCA9DEF
            address: NCQFX5YCIGYANYD6QSYSV75O3ZHJAHXGUIX4GWQ
        voting:
            -
                publicKey: 3EE2A8A7283CB2FD728943DAA127EF09E483071A8B4BC699BA4522F09B14CFDE
                startEpoch: 1
                endEpoch: 360
                filename: private_key_tree1.dat
