preset: custom-network-preset.yml
cloneFromPreset: mainnet
domain: mytest.com
suffix: testprefix
friendlyNamePattern: $suffix-$nickname-$friendlyNumber
networkType: 104
isNewNetwork: true
faucetBalances:
    - 392146430
additionalCurrencyDistributions:
    -
        -
            address: NDUPFADIRKPB2QFAPKHGSA6RWDZ5M6SCYQ2VVNA
            amount: 500
        -
            address: NBPVJT4IPIZ6X3BWEK3FLIDMAJXHSZ4R67Z2LZI
            amount: 100
customNetworkPreset:
    nemesis:
        mosaics:
            -
                name: gold
    reportBootstrapVersion: 1.1.0
    peersP2PListLimit: 10000
    peersApiListLimit: 10000
    restDeploymentToolVersion: 1.0.8
    restDeploymentToolLastUpdatedDate: '2021-07-05'
    networkDescription: My Private Test Network
    nemesisGenerationHashSeed: 000000000000000000000000000000000000000000000000000000000000000A
    epochAdjustment: 1626575785s
    baseNamespace: pirate
nodes:
    -
        number: 1
        friendlyName: testprefix-beacon-001
        assembly: peer
        hostname: testprefix-beacon-001.mytest.com
        customPreset:
            privateKeySecurityMode: PROMPT_MAIN_TRANSPORT
            nodes:
                -
                    friendlyName: testprefix-beacon-001
                    host: testprefix-beacon-001.mytest.com
                    voting: true
                    harvesting: true
                    dockerComposeDebugMode: false
                    brokerDockerComposeDebugMode: false
        nickName: beacon
        nodeType: VotingPeer
        balances:
            - 3000000
        addresses:
            name: node
            friendlyName: testprefix-beacon-001
            roles: Peer,Voting
            main:
                publicKey: 3B6A27BCCEB6A42D62A3A8D02A6F0D73653215771DE243A63AC048A18B59DA29
                address: NCHBDENCLKEBILBPWP3JPB2XNY64OE7PYHHE6FI
            transport:
                publicKey: 4F2A59EDC8367DEB40047CE83EE7F5CE711A57D93ABBDA9D1CE8588C56A3CE88
                address: NCDEB76EE4CCWWDKSGQAYSUUSERD5CNYD3MVGJA
            remote:
                publicKey: 7422B9887598068E32C4448A949ADB290D0F4E35B9E01B0EE5F1A1E600FE2674
                address: NBBHGE77IHHOIYA46B3XSORRNR2L5MLW55T6H2Y
            vrf:
                publicKey: 4CB5ABF6AD79FBF5ABBCCAFCC269D85CD2651ED4B885B5869F241AEDF0A5BA29
                address: NB6QOVCUOFRCF5QJSKPIQMLUVWGJS3KYFC6J77Y
            voting:
                -
                    publicKey: F381626E41E7027EA431BFE3009E94BDD25A746BEEC468948D6C3C7C5DC9A54B
                    startEpoch: 1
                    endEpoch: 360
                    filename: private_key_tree1.dat
    -
        number: 2
        friendlyName: testprefix-beacon-002
        assembly: peer
        hostname: testprefix-beacon-002.mytest.com
        customPreset:
            privateKeySecurityMode: PROMPT_MAIN_TRANSPORT
            nodes:
                -
                    friendlyName: testprefix-beacon-002
                    host: testprefix-beacon-002.mytest.com
                    voting: true
                    harvesting: true
                    dockerComposeDebugMode: false
                    brokerDockerComposeDebugMode: false
        nickName: beacon
        nodeType: VotingPeer
        balances:
            - 3000000
        addresses:
            name: node
            friendlyName: testprefix-beacon-002
            roles: Peer,Voting
            main:
                publicKey: FD50B8E3B144EA244FBF7737F550BC8DD0C2650BBC1AADA833CA17FF8DBF329B
                address: NAP2M723AA4QZV27P373IRXMLWENSXYJ4GRVZ3Y
            transport:
                publicKey: 6A5A8FBA48445EDD3444F654F820BD71F17E6C394669339C8A0004BA4ED2C3CC
                address: NBHC6USFJRBBNW3AVAIZ636QJMQHVDENADIM65I
            remote:
                publicKey: B4C92AFB3BA57F3AB959FFE6D319C98484A2155A0F4C65B2C37011FFD197B075
                address: NCPXRB5QJM2CMZK5IGZ2T3BWVJJA2IGJAYCDLLA
            vrf:
                publicKey: FDE4FBA030AD002F7C2F7D4C331F49D13FB0EC747ECEEBEC634F1FF4CBCA9DEF
                address: NCQFX5YCIGYANYD6QSYSV75O3ZHJAHXGUIX4GWQ
            voting:
                -
                    publicKey: 3EE2A8A7283CB2FD728943DAA127EF09E483071A8B4BC699BA4522F09B14CFDE
                    startEpoch: 1
                    endEpoch: 360
                    filename: private_key_tree1.dat
    -
        number: 3
        friendlyName: testprefix-demo-001
        assembly: demo
        hostname: testprefix-demo-001.mytest.com
        customPreset:
            privateKeySecurityMode: PROMPT_MAIN_TRANSPORT
            nodes:
                -
                    friendlyName: testprefix-demo-001
                    host: testprefix-demo-001.mytest.com
                    voting: false
                    harvesting: true
                    dockerComposeDebugMode: false
                    brokerDockerComposeDebugMode: false
            gateways:
                -
                    openPort: false
            httpsProxies:
                -
                    excludeDockerService: false
            faucets:
                -
                    compose:
                        environment:
                            DEFAULT_NODE_CLIENT: https://testprefix-demo-001.mytest.com:3001
                            EXPLORER_URL: http://testprefix-demo-001.mytest.com:90
        nickName: demo
        nodeType: HarvestingDemo
        balances:
            - 1000000
        restProtocol: HttpsOnly
        addresses:
            name: node
            friendlyName: testprefix-demo-001
            roles: Peer,Api
            main:
                publicKey: BE3B4F95D1D875D71DD2FACF6C5E4DA57C1A2C79DEAD9E1FC5C3B5C1DE54C022
                address: NCQTXBU7UORAEIJ2BCO54GQ3SQ5EGO4ZSHQUKBA
            transport:
                publicKey: D80DFB3C38A46CD01923037DA60CB5494D03119F2558312C781500182D036EB5
                address: NBP2M2UZX6UG7CR25ZK3MVV37F2WMPH2BQGFS2Y
            remote:
                publicKey: B92AAA7C8DB21139AA7D7EC0DAA8D7E62519D6EE46A4534E07644C683A008391
                address: NCY7L6ZF5YZBVA3RZKGC34GCDCMF6SLRDILH5LA
            vrf:
                publicKey: DD7E84D010AED28A416E928F50C4C09AC0F94A8F5B346548168BDDB61CDB7263
                address: NA3EH4UZ5IP3V4G3RKVXCQEC6TPFGJBLUHEOHVY
nemesisSeedFolder: nemesis-seed
