           Height: 1
 Harvesting Count: 5
     Voting Count: 2
   Voting Balance: 6000000000000
*
  Generation Hash: D43808D5F3FDA9AC541CCB75F00F7077202787C4DA7867BF06AB37B1D7B4EA0C
Transactions Hash: 9AE6469ED739214ECD592712B1C82CA34F801C714E69788E3822319622C753B0
    Receipts Hash: FDDDDD29B4408DF2044CBA322E35BA989A9F92B81D49E3CC141E46613D226287
       State Hash: A7F42760454F1576B1F9BCF3F6B75C462ECBBF163379ACB43BED6A6AFEF5F712
--- Components (9) ---
 + A3A0D88B9276114D3F4A0E8C563124C946BBF3F7165548A7F8D9D57C0B089315
 + AF037B19C5461AF9D214DCF21406555E7CC960E1084A674E6167C31CE5A3F84B
 + DD42D8D1905B40D7CAA4B0BE5E8ABC9292A25A62CBBBD81203D58A58DC387CA7
 + 0000000000000000000000000000000000000000000000000000000000000000
 + 0000000000000000000000000000000000000000000000000000000000000000
 + 0000000000000000000000000000000000000000000000000000000000000000
 + 0000000000000000000000000000000000000000000000000000000000000000
 + 0000000000000000000000000000000000000000000000000000000000000000
 + 0000000000000000000000000000000000000000000000000000000000000000
