version: 2
networkType: 104
nemesisGenerationHashSeed: 000000000000000000000000000000000000000000000000000000000000000A
nodes: []
