           Height: 1
 Harvesting Count: 4
     Voting Count: 2
   Voting Balance: 6000000000000
*
  Generation Hash: D43808D5F3FDA9AC541CCB75F00F7077202787C4DA7867BF06AB37B1D7B4EA0C
Transactions Hash: D762AEADD82E8402E7BFE37A2623470F943B73DCEBE0858ED1B5285A8BBC0D8C
    Receipts Hash: FDDDDD29B4408DF2044CBA322E35BA989A9F92B81D49E3CC141E46613D226287
       State Hash: 8D6AC89C89B5E68304CED0F5967108B877B2638190DB3CD8E0E507A3BD388D50
--- Components (9) ---
 + 8956E42AEF0FD0B6D79D16E6CD01270C1BC1ACD1CABBEE9BB91DEE2E4C1D2C7B
 + AF037B19C5461AF9D214DCF21406555E7CC960E1084A674E6167C31CE5A3F84B
 + DD42D8D1905B40D7CAA4B0BE5E8ABC9292A25A62CBBBD81203D58A58DC387CA7
 + 0000000000000000000000000000000000000000000000000000000000000000
 + 0000000000000000000000000000000000000000000000000000000000000000
 + 0000000000000000000000000000000000000000000000000000000000000000
 + 0000000000000000000000000000000000000000000000000000000000000000
 + 0000000000000000000000000000000000000000000000000000000000000000
 + 0000000000000000000000000000000000000000000000000000000000000000
