{
  "_info": "this file contains a list of api peers",
  "knownPeers": [
    {
      "publicKey": "3B6A27BCCEB6A42D62A3A8D02A6F0D73653215771DE243A63AC048A18B59DA29",
      "endpoint": {
        "host": "myc-dual-001.mycompany.com",
        "port": 7900
      },
      "metadata": {
        "name": "myc-dual-001",
        "roles": "Api,Peer,Voting"
      }
    }
  ]
}